---
source: crates/gitpurge-cli/tests/cli_snapshots.rs
expression: stdout
---
#compdef git-purge

autoload -U is-at-least

_git-purge() {
    typeset -A opt_args
    typeset -a _arguments_options
    local ret=1

    if is-at-least 5.2; then
        _arguments_options=(-s -S -C)
    else
        _arguments_options=(-s -C)
    fi

    local context curcontext="$curcontext" state line
    _arguments "${_arguments_options[@]}" : \
'--config=[Path to config file (default\: auto-resolved via XDG/KnownFolders)]:CONFIG:_default' \
'--repo=[Target repository (id, label, or path). Defaults to the default_repo in config or current directory]:REPO:_default' \
'--data-dir=[Override the data root directory (history DB, backups, reports)]:DATA_DIR:_default' \
'--json[Output as JSON instead of human-readable tables]' \
'--no-color[Suppress colored output]' \
'-y[Assume "yes" for standard confirmations]' \
'--yes[Assume "yes" for standard confirmations]' \
'-e[Perform mutations. Absent => dry-run]' \
'--execute[Perform mutations. Absent => dry-run]' \
'*-v[Increase verbosity (-v, -vv)]' \
'*--verbose[Increase verbosity (-v, -vv)]' \
'-q[Suppress all output except errors]' \
'--quiet[Suppress all output except errors]' \
'-h[Print help (see more with '\''--help'\'')]' \
'--help[Print help (see more with '\''--help'\'')]' \
'-V[Print version]' \
'--version[Print version]' \
":: :_git-purge_commands" \
"*::: :->git-purge" \
&& ret=0
    case $state in
    (git-purge)
        words=($line[1] "${words[@]}")
        (( CURRENT += 1 ))
        curcontext="${curcontext%:*:*}:git-purge-command-$line[1]:"
        case $line[1] in
            (repo)
_arguments "${_arguments_options[@]}" : \
'--config=[Path to config file (default\: auto-resolved via XDG/KnownFolders)]:CONFIG:_default' \
'--repo=[Target repository (id, label, or path). Defaults to the default_repo in config or current directory]:REPO:_default' \
'--data-dir=[Override the data root directory (history DB, backups, reports)]:DATA_DIR:_default' \
'--json[Output as JSON instead of human-readable tables]' \
'--no-color[Suppress colored output]' \
'-y[Assume "yes" for standard confirmations]' \
'--yes[Assume "yes" for standard confirmations]' \
'-e[Perform mutations. Absent => dry-run]' \
'--execute[Perform mutations. Absent => dry-run]' \
'*-v[Increase verbosity (-v, -vv)]' \
'*--verbose[Increase verbosity (-v, -vv)]' \
'-q[Suppress all output except errors]' \
'--quiet[Suppress all output except errors]' \
'-h[Print help]' \
'--help[Print help]' \
":: :_git-purge__subcmd__repo_commands" \
"*::: :->repo" \
&& ret=0

    case $state in
    (repo)
        words=($line[1] "${words[@]}")
        (( CURRENT += 1 ))
        curcontext="${curcontext%:*:*}:git-purge-repo-command-$line[1]:"
        case $line[1] in
            (add)
_arguments "${_arguments_options[@]}" : \
'--id=[Custom identifier (default derived from folder name)]:ID:_default' \
'--name=[Human label for the repository]:NAME:_default' \
'--default-branch=[Override default branch auto-detection (e.g. '\''main'\'', '\''master'\'')]:DEFAULT_BRANCH:_default' \
'--remote=[Register an extra remote URL]:REMOTE:_default' \
'--config=[Path to config file (default\: auto-resolved via XDG/KnownFolders)]:CONFIG:_default' \
'--repo=[Target repository (id, label, or path). Defaults to the default_repo in config or current directory]:REPO:_default' \
'--data-dir=[Override the data root directory (history DB, backups, reports)]:DATA_DIR:_default' \
'--json[Output as JSON instead of human-readable tables]' \
'--no-color[Suppress colored output]' \
'-y[Assume "yes" for standard confirmations]' \
'--yes[Assume "yes" for standard confirmations]' \
'-e[Perform mutations. Absent => dry-run]' \
'--execute[Perform mutations. Absent => dry-run]' \
'*-v[Increase verbosity (-v, -vv)]' \
'*--verbose[Increase verbosity (-v, -vv)]' \
'-q[Suppress all output except errors]' \
'--quiet[Suppress all output except errors]' \
'-h[Print help]' \
'--help[Print help]' \
':path_or_url -- Local directory path or remote Git URL:_default' \
&& ret=0
;;
(list)
_arguments "${_arguments_options[@]}" : \
'--config=[Path to config file (default\: auto-resolved via XDG/KnownFolders)]:CONFIG:_default' \
'--repo=[Target repository (id, label, or path). Defaults to the default_repo in config or current directory]:REPO:_default' \
'--data-dir=[Override the data root directory (history DB, backups, reports)]:DATA_DIR:_default' \
'--json[Output as JSON instead of human-readable tables]' \
'--no-color[Suppress colored output]' \
'-y[Assume "yes" for standard confirmations]' \
'--yes[Assume "yes" for standard confirmations]' \
'-e[Perform mutations. Absent => dry-run]' \
'--execute[Perform mutations. Absent => dry-run]' \
'*-v[Increase verbosity (-v, -vv)]' \
'*--verbose[Increase verbosity (-v, -vv)]' \
'-q[Suppress all output except errors]' \
'--quiet[Suppress all output except errors]' \
'-h[Print help]' \
'--help[Print help]' \
&& ret=0
;;
(show)
_arguments "${_arguments_options[@]}" : \
'--config=[Path to config file (default\: auto-resolved via XDG/KnownFolders)]:CONFIG:_default' \
'--repo=[Target repository (id, label, or path). Defaults to the default_repo in config or current directory]:REPO:_default' \
'--data-dir=[Override the data root directory (history DB, backups, reports)]:DATA_DIR:_default' \
'--json[Output as JSON instead of human-readable tables]' \
'--no-color[Suppress colored output]' \
'-y[Assume "yes" for standard confirmations]' \
'--yes[Assume "yes" for standard confirmations]' \
'-e[Perform mutations. Absent => dry-run]' \
'--execute[Perform mutations. Absent => dry-run]' \
'*-v[Increase verbosity (-v, -vv)]' \
'*--verbose[Increase verbosity (-v, -vv)]' \
'-q[Suppress all output except errors]' \
'--quiet[Suppress all output except errors]' \
'-h[Print help]' \
'--help[Print help]' \
':id -- Repository ID:_default' \
&& ret=0
;;
(remove)
_arguments "${_arguments_options[@]}" : \
'--config=[Path to config file (default\: auto-resolved via XDG/KnownFolders)]:CONFIG:_default' \
'--repo=[Target repository (id, label, or path). Defaults to the default_repo in config or current directory]:REPO:_default' \
'--data-dir=[Override the data root directory (history DB, backups, reports)]:DATA_DIR:_default' \
'--purge-backups[Also delete the repository'\''s bare mirror under backups/ (destructive)]' \
'--json[Output as JSON instead of human-readable tables]' \
'--no-color[Suppress colored output]' \
'-y[Assume "yes" for standard confirmations]' \
'--yes[Assume "yes" for standard confirmations]' \
'-e[Perform mutations. Absent => dry-run]' \
'--execute[Perform mutations. Absent => dry-run]' \
'*-v[Increase verbosity (-v, -vv)]' \
'*--verbose[Increase verbosity (-v, -vv)]' \
'-q[Suppress all output except errors]' \
'--quiet[Suppress all output except errors]' \
'-h[Print help]' \
'--help[Print help]' \
':id -- Repository ID:_default' \
&& ret=0
;;
(set-default)
_arguments "${_arguments_options[@]}" : \
'--config=[Path to config file (default\: auto-resolved via XDG/KnownFolders)]:CONFIG:_default' \
'--repo=[Target repository (id, label, or path). Defaults to the default_repo in config or current directory]:REPO:_default' \
'--data-dir=[Override the data root directory (history DB, backups, reports)]:DATA_DIR:_default' \
'--json[Output as JSON instead of human-readable tables]' \
'--no-color[Suppress colored output]' \
'-y[Assume "yes" for standard confirmations]' \
'--yes[Assume "yes" for standard confirmations]' \
'-e[Perform mutations. Absent => dry-run]' \
'--execute[Perform mutations. Absent => dry-run]' \
'*-v[Increase verbosity (-v, -vv)]' \
'*--verbose[Increase verbosity (-v, -vv)]' \
'-q[Suppress all output except errors]' \
'--quiet[Suppress all output except errors]' \
'-h[Print help]' \
'--help[Print help]' \
':id -- Repository ID:_default' \
&& ret=0
;;
(help)
_arguments "${_arguments_options[@]}" : \
":: :_git-purge__subcmd__repo__subcmd__help_commands" \
"*::: :->help" \
&& ret=0

    case $state in
    (help)
        words=($line[1] "${words[@]}")
        (( CURRENT += 1 ))
        curcontext="${curcontext%:*:*}:git-purge-repo-help-command-$line[1]:"
        case $line[1] in
            (add)
_arguments "${_arguments_options[@]}" : \
&& ret=0
;;
(list)
_arguments "${_arguments_options[@]}" : \
&& ret=0
;;
(show)
_arguments "${_arguments_options[@]}" : \
&& ret=0
;;
(remove)
_arguments "${_arguments_options[@]}" : \
&& ret=0
;;
(set-default)
_arguments "${_arguments_options[@]}" : \
&& ret=0
;;
(help)
_arguments "${_arguments_options[@]}" : \
&& ret=0
;;
        esac
    ;;
esac
;;
        esac
    ;;
esac
;;
(scan)
_arguments "${_arguments_options[@]}" : \
'-a+[Staleness age threshold (e.g., '\''1 year ago'\'', '\''6 months ago'\'')]:AGE:_default' \
'--age=[Staleness age threshold (e.g., '\''1 year ago'\'', '\''6 months ago'\'')]:AGE:_default' \
'-x+[Comma-separated glob/substring patterns to skip (case-insensitive)]:EXCLUDE:_default' \
'--exclude=[Comma-separated glob/substring patterns to skip (case-insensitive)]:EXCLUDE:_default' \
'--protected=[Extra protected patterns added to the protected set]:PROTECTED:_default' \
'--sort=[Sort ordering (age | name | author | commits | ahead | behind)]:SORT:_default' \
'--filter=[Free-form policy predicate expression]:FILTER:_default' \
'--limit=[Cap the number of selected references]:LIMIT:_default' \
'--config=[Path to config file (default\: auto-resolved via XDG/KnownFolders)]:CONFIG:_default' \
'--repo=[Target repository (id, label, or path). Defaults to the default_repo in config or current directory]:REPO:_default' \
'--data-dir=[Override the data root directory (history DB, backups, reports)]:DATA_DIR:_default' \
'--no-refresh[Do not fetch/prune from remote before classifying]' \
'--merged[Select merged branches (ancestors of default branch)]' \
'--unmerged[Select ONLY unmerged branches]' \
'--local[Restrict scope to local branches]' \
'--remote[Restrict scope to remote branches]' \
'--standard[Restrict to branches that satisfy naming policy]' \
'--non-standard[Restrict to branches that violate naming policy]' \
'--json[Output as JSON instead of human-readable tables]' \
'--no-color[Suppress colored output]' \
'-y[Assume "yes" for standard confirmations]' \
'--yes[Assume "yes" for standard confirmations]' \
'-e[Perform mutations. Absent => dry-run]' \
'--execute[Perform mutations. Absent => dry-run]' \
'*-v[Increase verbosity (-v, -vv)]' \
'*--verbose[Increase verbosity (-v, -vv)]' \
'-q[Suppress all output except errors]' \
'--quiet[Suppress all output except errors]' \
'-h[Print help]' \
'--help[Print help]' \
&& ret=0
;;
(plan)
_arguments "${_arguments_options[@]}" : \
'--action=[Which action'\''s plan to compute (delete or archive)]:ACTION:(delete archive)' \
'-a+[Staleness age threshold (e.g., '\''1 year ago'\'', '\''6 months ago'\'')]:AGE:_default' \
'--age=[Staleness age threshold (e.g., '\''1 year ago'\'', '\''6 months ago'\'')]:AGE:_default' \
'-x+[Comma-separated glob/substring patterns to skip (case-insensitive)]:EXCLUDE:_default' \
'--exclude=[Comma-separated glob/substring patterns to skip (case-insensitive)]:EXCLUDE:_default' \
'--protected=[Extra protected patterns added to the protected set]:PROTECTED:_default' \
'--sort=[Sort ordering (age | name | author | commits | ahead | behind)]:SORT:_default' \
'--filter=[Free-form policy predicate expression]:FILTER:_default' \
'--limit=[Cap the number of selected references]:LIMIT:_default' \
'--config=[Path to config file (default\: auto-resolved via XDG/KnownFolders)]:CONFIG:_default' \
'--repo=[Target repository (id, label, or path). Defaults to the default_repo in config or current directory]:REPO:_default' \
'--data-dir=[Override the data root directory (history DB, backups, reports)]:DATA_DIR:_default' \
'--merged[Select merged branches (ancestors of default branch)]' \
'--unmerged[Select ONLY unmerged branches]' \
'--local[Restrict scope to local branches]' \
'--remote[Restrict scope to remote branches]' \
'--standard[Restrict to branches that satisfy naming policy]' \
'--non-standard[Restrict to branches that violate naming policy]' \
'--json[Output as JSON instead of human-readable tables]' \
'--no-color[Suppress colored output]' \
'-y[Assume "yes" for standard confirmations]' \
'--yes[Assume "yes" for standard confirmations]' \
'-e[Perform mutations. Absent => dry-run]' \
'--execute[Perform mutations. Absent => dry-run]' \
'*-v[Increase verbosity (-v, -vv)]' \
'*--verbose[Increase verbosity (-v, -vv)]' \
'-q[Suppress all output except errors]' \
'--quiet[Suppress all output except errors]' \
'-h[Print help]' \
'--help[Print help]' \
&& ret=0
;;
(backup)
_arguments "${_arguments_options[@]}" : \
'--config=[Path to config file (default\: auto-resolved via XDG/KnownFolders)]:CONFIG:_default' \
'--repo=[Target repository (id, label, or path). Defaults to the default_repo in config or current directory]:REPO:_default' \
'--data-dir=[Override the data root directory (history DB, backups, reports)]:DATA_DIR:_default' \
'--json[Output as JSON instead of human-readable tables]' \
'--no-color[Suppress colored output]' \
'-y[Assume "yes" for standard confirmations]' \
'--yes[Assume "yes" for standard confirmations]' \
'-e[Perform mutations. Absent => dry-run]' \
'--execute[Perform mutations. Absent => dry-run]' \
'*-v[Increase verbosity (-v, -vv)]' \
'*--verbose[Increase verbosity (-v, -vv)]' \
'-q[Suppress all output except errors]' \
'--quiet[Suppress all output except errors]' \
'-h[Print help]' \
'--help[Print help]' \
":: :_git-purge__subcmd__backup_commands" \
"*::: :->backup" \
&& ret=0

    case $state in
    (backup)
        words=($line[1] "${words[@]}")
        (( CURRENT += 1 ))
        curcontext="${curcontext%:*:*}:git-purge-backup-command-$line[1]:"
        case $line[1] in
            (create)
_arguments "${_arguments_options[@]}" : \
'--note=[Notes describing the snapshot]:NOTE:_default' \
'--refs=[Limit captured references to comma-separated globs]:REFS:_default' \
'--config=[Path to config file (default\: auto-resolved via XDG/KnownFolders)]:CONFIG:_default' \
'--repo=[Target repository (id, label, or path). Defaults to the default_repo in config or current directory]:REPO:_default' \
'--data-dir=[Override the data root directory (history DB, backups, reports)]:DATA_DIR:_default' \
'--json[Output as JSON instead of human-readable tables]' \
'--no-color[Suppress colored output]' \
'-y[Assume "yes" for standard confirmations]' \
'--yes[Assume "yes" for standard confirmations]' \
'-e[Perform mutations. Absent => dry-run]' \
'--execute[Perform mutations. Absent => dry-run]' \
'*-v[Increase verbosity (-v, -vv)]' \
'*--verbose[Increase verbosity (-v, -vv)]' \
'-q[Suppress all output except errors]' \
'--quiet[Suppress all output except errors]' \
'-h[Print help]' \
'--help[Print help]' \
&& ret=0
;;
(list)
_arguments "${_arguments_options[@]}" : \
'--config=[Path to config file (default\: auto-resolved via XDG/KnownFolders)]:CONFIG:_default' \
'--repo=[Target repository (id, label, or path). Defaults to the default_repo in config or current directory]:REPO:_default' \
'--data-dir=[Override the data root directory (history DB, backups, reports)]:DATA_DIR:_default' \
'--json[Output as JSON instead of human-readable tables]' \
'--no-color[Suppress colored output]' \
'-y[Assume "yes" for standard confirmations]' \
'--yes[Assume "yes" for standard confirmations]' \
'-e[Perform mutations. Absent => dry-run]' \
'--execute[Perform mutations. Absent => dry-run]' \
'*-v[Increase verbosity (-v, -vv)]' \
'*--verbose[Increase verbosity (-v, -vv)]' \
'-q[Suppress all output except errors]' \
'--quiet[Suppress all output except errors]' \
'-h[Print help]' \
'--help[Print help]' \
&& ret=0
;;
(show)
_arguments "${_arguments_options[@]}" : \
'--config=[Path to config file (default\: auto-resolved via XDG/KnownFolders)]:CONFIG:_default' \
'--repo=[Target repository (id, label, or path). Defaults to the default_repo in config or current directory]:REPO:_default' \
'--data-dir=[Override the data root directory (history DB, backups, reports)]:DATA_DIR:_default' \
'--json[Output as JSON instead of human-readable tables]' \
'--no-color[Suppress colored output]' \
'-y[Assume "yes" for standard confirmations]' \
'--yes[Assume "yes" for standard confirmations]' \
'-e[Perform mutations. Absent => dry-run]' \
'--execute[Perform mutations. Absent => dry-run]' \
'*-v[Increase verbosity (-v, -vv)]' \
'*--verbose[Increase verbosity (-v, -vv)]' \
'-q[Suppress all output except errors]' \
'--quiet[Suppress all output except errors]' \
'-h[Print help]' \
'--help[Print help]' \
':snapshot_id -- Snapshot ID:_default' \
&& ret=0
;;
(verify)
_arguments "${_arguments_options[@]}" : \
'--config=[Path to config file (default\: auto-resolved via XDG/KnownFolders)]:CONFIG:_default' \
'--repo=[Target repository (id, label, or path). Defaults to the default_repo in config or current directory]:REPO:_default' \
'--data-dir=[Override the data root directory (history DB, backups, reports)]:DATA_DIR:_default' \
'--json[Output as JSON instead of human-readable tables]' \
'--no-color[Suppress colored output]' \
'-y[Assume "yes" for standard confirmations]' \
'--yes[Assume "yes" for standard confirmations]' \
'-e[Perform mutations. Absent => dry-run]' \
'--execute[Perform mutations. Absent => dry-run]' \
'*-v[Increase verbosity (-v, -vv)]' \
'*--verbose[Increase verbosity (-v, -vv)]' \
'-q[Suppress all output except errors]' \
'--quiet[Suppress all output except errors]' \
'-h[Print help]' \
'--help[Print help]' \
':snapshot_id -- Snapshot ID:_default' \
&& ret=0
;;
(prune)
_arguments "${_arguments_options[@]}" : \
'--keep=[Keep the newest N snapshots]:KEEP:_default' \
'--older-than=[Prune snapshots older than the duration (e.g. '\''30 days'\'')]:OLDER_THAN:_default' \
'--config=[Path to config file (default\: auto-resolved via XDG/KnownFolders)]:CONFIG:_default' \
'--repo=[Target repository (id, label, or path). Defaults to the default_repo in config or current directory]:REPO:_default' \
'--data-dir=[Override the data root directory (history DB, backups, reports)]:DATA_DIR:_default' \
'--json[Output as JSON instead of human-readable tables]' \
'--no-color[Suppress colored output]' \
'-y[Assume "yes" for standard confirmations]' \
'--yes[Assume "yes" for standard confirmations]' \
'-e[Perform mutations. Absent => dry-run]' \
'--execute[Perform mutations. Absent => dry-run]' \
'*-v[Increase verbosity (-v, -vv)]' \
'*--verbose[Increase verbosity (-v, -vv)]' \
'-q[Suppress all output except errors]' \
'--quiet[Suppress all output except errors]' \
'-h[Print help]' \
'--help[Print help]' \
&& ret=0
;;
(help)
_arguments "${_arguments_options[@]}" : \
":: :_git-purge__subcmd__backup__subcmd__help_commands" \
"*::: :->help" \
&& ret=0

    case $state in
    (help)
        words=($line[1] "${words[@]}")
        (( CURRENT += 1 ))
        curcontext="${curcontext%:*:*}:git-purge-backup-help-command-$line[1]:"
        case $line[1] in
            (create)
_arguments "${_arguments_options[@]}" : \
&& ret=0
;;
(list)
_arguments "${_arguments_options[@]}" : \
&& ret=0
;;
(show)
_arguments "${_arguments_options[@]}" : \
&& ret=0
;;
(verify)
_arguments "${_arguments_options[@]}" : \
&& ret=0
;;
(prune)
_arguments "${_arguments_options[@]}" : \
&& ret=0
;;
(help)
_arguments "${_arguments_options[@]}" : \
&& ret=0
;;
        esac
    ;;
esac
;;
        esac
    ;;
esac
;;
(delete)
_arguments "${_arguments_options[@]}" : \
'-a+[Staleness age threshold (e.g., '\''1 year ago'\'', '\''6 months ago'\'')]:AGE:_default' \
'--age=[Staleness age threshold (e.g., '\''1 year ago'\'', '\''6 months ago'\'')]:AGE:_default' \
'-x+[Comma-separated glob/substring patterns to skip (case-insensitive)]:EXCLUDE:_default' \
'--exclude=[Comma-separated glob/substring patterns to skip (case-insensitive)]:EXCLUDE:_default' \
'--protected=[Extra protected patterns added to the protected set]:PROTECTED:_default' \
'--sort=[Sort ordering (age | name | author | commits | ahead | behind)]:SORT:_default' \
'--filter=[Free-form policy predicate expression]:FILTER:_default' \
'--limit=[Cap the number of selected references]:LIMIT:_default' \
'--config=[Path to config file (default\: auto-resolved via XDG/KnownFolders)]:CONFIG:_default' \
'--repo=[Target repository (id, label, or path). Defaults to the default_repo in config or current directory]:REPO:_default' \
'--data-dir=[Override the data root directory (history DB, backups, reports)]:DATA_DIR:_default' \
'--include-unmerged[Delete unmerged stale branches too (requires repo ID typed confirmation)]' \
'--no-backup[Skip creating the pre-op snapshot backup]' \
'--force-unmerged[Bypass the typed repository ID token confirmation prompt for unmerged execute in non-interactive scripts]' \
'--continue-on-error[Do not stop on the first deletion failure; continue deleting remaining branches]' \
'--merged[Select merged branches (ancestors of default branch)]' \
'--unmerged[Select ONLY unmerged branches]' \
'--local[Restrict scope to local branches]' \
'--remote[Restrict scope to remote branches]' \
'--standard[Restrict to branches that satisfy naming policy]' \
'--non-standard[Restrict to branches that violate naming policy]' \
'--json[Output as JSON instead of human-readable tables]' \
'--no-color[Suppress colored output]' \
'-y[Assume "yes" for standard confirmations]' \
'--yes[Assume "yes" for standard confirmations]' \
'-e[Perform mutations. Absent => dry-run]' \
'--execute[Perform mutations. Absent => dry-run]' \
'*-v[Increase verbosity (-v, -vv)]' \
'*--verbose[Increase verbosity (-v, -vv)]' \
'-q[Suppress all output except errors]' \
'--quiet[Suppress all output except errors]' \
'-h[Print help]' \
'--help[Print help]' \
&& ret=0
;;
(archive)
_arguments "${_arguments_options[@]}" : \
'--target=[Target legacy branch where unmerged commits are merged]:TARGET:_default' \
'--strategy=[Merge strategy (ours or theirs)]:STRATEGY:(ours theirs)' \
'-a+[Staleness age threshold (e.g., '\''1 year ago'\'', '\''6 months ago'\'')]:AGE:_default' \
'--age=[Staleness age threshold (e.g., '\''1 year ago'\'', '\''6 months ago'\'')]:AGE:_default' \
'-x+[Comma-separated glob/substring patterns to skip (case-insensitive)]:EXCLUDE:_default' \
'--exclude=[Comma-separated glob/substring patterns to skip (case-insensitive)]:EXCLUDE:_default' \
'--protected=[Extra protected patterns added to the protected set]:PROTECTED:_default' \
'--sort=[Sort ordering (age | name | author | commits | ahead | behind)]:SORT:_default' \
'--filter=[Free-form policy predicate expression]:FILTER:_default' \
'--limit=[Cap the number of selected references]:LIMIT:_default' \
'--config=[Path to config file (default\: auto-resolved via XDG/KnownFolders)]:CONFIG:_default' \
'--repo=[Target repository (id, label, or path). Defaults to the default_repo in config or current directory]:REPO:_default' \
'--data-dir=[Override the data root directory (history DB, backups, reports)]:DATA_DIR:_default' \
'--push[Push the target branch to the remote origin after merging]' \
'--merged[Select merged branches (ancestors of default branch)]' \
'--unmerged[Select ONLY unmerged branches]' \
'--local[Restrict scope to local branches]' \
'--remote[Restrict scope to remote branches]' \
'--standard[Restrict to branches that satisfy naming policy]' \
'--non-standard[Restrict to branches that violate naming policy]' \
'--json[Output as JSON instead of human-readable tables]' \
'--no-color[Suppress colored output]' \
'-y[Assume "yes" for standard confirmations]' \
'--yes[Assume "yes" for standard confirmations]' \
'-e[Perform mutations. Absent => dry-run]' \
'--execute[Perform mutations. Absent => dry-run]' \
'*-v[Increase verbosity (-v, -vv)]' \
'*--verbose[Increase verbosity (-v, -vv)]' \
'-q[Suppress all output except errors]' \
'--quiet[Suppress all output except errors]' \
'-h[Print help]' \
'--help[Print help]' \
&& ret=0
;;
(restore)
_arguments "${_arguments_options[@]}" : \
'--as-name=[Restore under a different branch name (only valid when restoring a single branch)]:AS_NAME:_default' \
'--target=[Destination target (local or remote)]:TARGET:(local remote)' \
'--config=[Path to config file (default\: auto-resolved via XDG/KnownFolders)]:CONFIG:_default' \
'--repo=[Target repository (id, label, or path). Defaults to the default_repo in config or current directory]:REPO:_default' \
'--data-dir=[Override the data root directory (history DB, backups, reports)]:DATA_DIR:_default' \
'--as-tag[Recreate the restored reference as a tag instead of a branch]' \
'--force[Force overwrite of existing branches/tags if they already exist in the target]' \
'--json[Output as JSON instead of human-readable tables]' \
'--no-color[Suppress colored output]' \
'-y[Assume "yes" for standard confirmations]' \
'--yes[Assume "yes" for standard confirmations]' \
'-e[Perform mutations. Absent => dry-run]' \
'--execute[Perform mutations. Absent => dry-run]' \
'*-v[Increase verbosity (-v, -vv)]' \
'*--verbose[Increase verbosity (-v, -vv)]' \
'-q[Suppress all output except errors]' \
'--quiet[Suppress all output except errors]' \
'-h[Print help]' \
'--help[Print help]' \
':snapshot_id -- Snapshot ID to restore from (or '\''latest'\''):_default' \
':ref_or_glob -- Branch name or glob pattern (e.g. '\''feature/x'\'' or '\''refs/heads/*'\''):_default' \
&& ret=0
;;
(diff)
_arguments "${_arguments_options[@]}" : \
'--config=[Path to config file (default\: auto-resolved via XDG/KnownFolders)]:CONFIG:_default' \
'--repo=[Target repository (id, label, or path). Defaults to the default_repo in config or current directory]:REPO:_default' \
'--data-dir=[Override the data root directory (history DB, backups, reports)]:DATA_DIR:_default' \
'--stat[Render summary stats (files changed, insertions/deletions)]' \
'--name-only[List changed paths only]' \
'-p[Show full unified diff (patch)]' \
'--patch[Show full unified diff (patch)]' \
'--json[Output as JSON instead of human-readable tables]' \
'--no-color[Suppress colored output]' \
'-y[Assume "yes" for standard confirmations]' \
'--yes[Assume "yes" for standard confirmations]' \
'-e[Perform mutations. Absent => dry-run]' \
'--execute[Perform mutations. Absent => dry-run]' \
'*-v[Increase verbosity (-v, -vv)]' \
'*--verbose[Increase verbosity (-v, -vv)]' \
'-q[Suppress all output except errors]' \
'--quiet[Suppress all output except errors]' \
'-h[Print help]' \
'--help[Print help]' \
':ref_a -- First reference (RefSpec):_default' \
':ref_b -- Second reference (RefSpec):_default' \
&& ret=0
;;
(show)
_arguments "${_arguments_options[@]}" : \
'--config=[Path to config file (default\: auto-resolved via XDG/KnownFolders)]:CONFIG:_default' \
'--repo=[Target repository (id, label, or path). Defaults to the default_repo in config or current directory]:REPO:_default' \
'--data-dir=[Override the data root directory (history DB, backups, reports)]:DATA_DIR:_default' \
'--json[Output as JSON instead of human-readable tables]' \
'--no-color[Suppress colored output]' \
'-y[Assume "yes" for standard confirmations]' \
'--yes[Assume "yes" for standard confirmations]' \
'-e[Perform mutations. Absent => dry-run]' \
'--execute[Perform mutations. Absent => dry-run]' \
'*-v[Increase verbosity (-v, -vv)]' \
'*--verbose[Increase verbosity (-v, -vv)]' \
'-q[Suppress all output except errors]' \
'--quiet[Suppress all output except errors]' \
'-h[Print help]' \
'--help[Print help]' \
':ref_spec -- RefSpec (branch, tag, SHA, or snapshot\:ref):_default' \
'::path -- Optional file path to view. If omitted, lists the tree:_default' \
&& ret=0
;;
(report)
_arguments "${_arguments_options[@]}" : \
'--type=[Report type (audit, trend, or both)]:TYPE:(audit trend both)' \
'--format=[Output format (md, json, html)]:FORMAT:(md json html)' \
'--out=[Output path for the report (directory or file)]:OUT:_default' \
'--baseline=[Run ID to use as a baseline for trend report]:BASELINE:_default' \
'-a+[Staleness age threshold (e.g., '\''1 year ago'\'', '\''6 months ago'\'')]:AGE:_default' \
'--age=[Staleness age threshold (e.g., '\''1 year ago'\'', '\''6 months ago'\'')]:AGE:_default' \
'-x+[Comma-separated glob/substring patterns to skip (case-insensitive)]:EXCLUDE:_default' \
'--exclude=[Comma-separated glob/substring patterns to skip (case-insensitive)]:EXCLUDE:_default' \
'--protected=[Extra protected patterns added to the protected set]:PROTECTED:_default' \
'--sort=[Sort ordering (age | name | author | commits | ahead | behind)]:SORT:_default' \
'--filter=[Free-form policy predicate expression]:FILTER:_default' \
'--limit=[Cap the number of selected references]:LIMIT:_default' \
'--config=[Path to config file (default\: auto-resolved via XDG/KnownFolders)]:CONFIG:_default' \
'--repo=[Target repository (id, label, or path). Defaults to the default_repo in config or current directory]:REPO:_default' \
'--data-dir=[Override the data root directory (history DB, backups, reports)]:DATA_DIR:_default' \
'--merged[Select merged branches (ancestors of default branch)]' \
'--unmerged[Select ONLY unmerged branches]' \
'--local[Restrict scope to local branches]' \
'--remote[Restrict scope to remote branches]' \
'--standard[Restrict to branches that satisfy naming policy]' \
'--non-standard[Restrict to branches that violate naming policy]' \
'--json[Output as JSON instead of human-readable tables]' \
'--no-color[Suppress colored output]' \
'-y[Assume "yes" for standard confirmations]' \
'--yes[Assume "yes" for standard confirmations]' \
'-e[Perform mutations. Absent => dry-run]' \
'--execute[Perform mutations. Absent => dry-run]' \
'*-v[Increase verbosity (-v, -vv)]' \
'*--verbose[Increase verbosity (-v, -vv)]' \
'-q[Suppress all output except errors]' \
'--quiet[Suppress all output except errors]' \
'-h[Print help]' \
'--help[Print help]' \
&& ret=0
;;
(history)
_arguments "${_arguments_options[@]}" : \
'--limit=[Cap the number of listed runs]:LIMIT:_default' \
'--metric=[Focus history on a specific metric (total, active, stale, merged, unmerged, non_standard)]:METRIC:_default' \
'--since=[Limit runs to those recorded after a date or duration (e.g. '\''30 days ago'\'')]:SINCE:_default' \
'--config=[Path to config file (default\: auto-resolved via XDG/KnownFolders)]:CONFIG:_default' \
'--repo=[Target repository (id, label, or path). Defaults to the default_repo in config or current directory]:REPO:_default' \
'--data-dir=[Override the data root directory (history DB, backups, reports)]:DATA_DIR:_default' \
'--json[Output as JSON instead of human-readable tables]' \
'--no-color[Suppress colored output]' \
'-y[Assume "yes" for standard confirmations]' \
'--yes[Assume "yes" for standard confirmations]' \
'-e[Perform mutations. Absent => dry-run]' \
'--execute[Perform mutations. Absent => dry-run]' \
'*-v[Increase verbosity (-v, -vv)]' \
'*--verbose[Increase verbosity (-v, -vv)]' \
'-q[Suppress all output except errors]' \
'--quiet[Suppress all output except errors]' \
'-h[Print help]' \
'--help[Print help]' \
&& ret=0
;;
(auth)
_arguments "${_arguments_options[@]}" : \
'--config=[Path to config file (default\: auto-resolved via XDG/KnownFolders)]:CONFIG:_default' \
'--repo=[Target repository (id, label, or path). Defaults to the default_repo in config or current directory]:REPO:_default' \
'--data-dir=[Override the data root directory (history DB, backups, reports)]:DATA_DIR:_default' \
'--json[Output as JSON instead of human-readable tables]' \
'--no-color[Suppress colored output]' \
'-y[Assume "yes" for standard confirmations]' \
'--yes[Assume "yes" for standard confirmations]' \
'-e[Perform mutations. Absent => dry-run]' \
'--execute[Perform mutations. Absent => dry-run]' \
'*-v[Increase verbosity (-v, -vv)]' \
'*--verbose[Increase verbosity (-v, -vv)]' \
'-q[Suppress all output except errors]' \
'--quiet[Suppress all output except errors]' \
'-h[Print help]' \
'--help[Print help]' \
":: :_git-purge__subcmd__auth_commands" \
"*::: :->auth" \
&& ret=0

    case $state in
    (auth)
        words=($line[1] "${words[@]}")
        (( CURRENT += 1 ))
        curcontext="${curcontext%:*:*}:git-purge-auth-command-$line[1]:"
        case $line[1] in
            (add)
_arguments "${_arguments_options[@]}" : \
'--host=[Hostname (e.g. '\''github.com'\'') or repository ID]:HOST:_default' \
'--method=[Authentication method]:METHOD:(ssh https token)' \
'--username=[Username for HTTPS credentials]:USERNAME:_default' \
'--key=[SSH private key path]:KEY:_default' \
'--config=[Path to config file (default\: auto-resolved via XDG/KnownFolders)]:CONFIG:_default' \
'--repo=[Target repository (id, label, or path). Defaults to the default_repo in config or current directory]:REPO:_default' \
'--data-dir=[Override the data root directory (history DB, backups, reports)]:DATA_DIR:_default' \
'--token-stdin[Read PAT token / password from stdin]' \
'--json[Output as JSON instead of human-readable tables]' \
'--no-color[Suppress colored output]' \
'-y[Assume "yes" for standard confirmations]' \
'--yes[Assume "yes" for standard confirmations]' \
'-e[Perform mutations. Absent => dry-run]' \
'--execute[Perform mutations. Absent => dry-run]' \
'*-v[Increase verbosity (-v, -vv)]' \
'*--verbose[Increase verbosity (-v, -vv)]' \
'-q[Suppress all output except errors]' \
'--quiet[Suppress all output except errors]' \
'-h[Print help]' \
'--help[Print help]' \
&& ret=0
;;
(list)
_arguments "${_arguments_options[@]}" : \
'--config=[Path to config file (default\: auto-resolved via XDG/KnownFolders)]:CONFIG:_default' \
'--repo=[Target repository (id, label, or path). Defaults to the default_repo in config or current directory]:REPO:_default' \
'--data-dir=[Override the data root directory (history DB, backups, reports)]:DATA_DIR:_default' \
'--json[Output as JSON instead of human-readable tables]' \
'--no-color[Suppress colored output]' \
'-y[Assume "yes" for standard confirmations]' \
'--yes[Assume "yes" for standard confirmations]' \
'-e[Perform mutations. Absent => dry-run]' \
'--execute[Perform mutations. Absent => dry-run]' \
'*-v[Increase verbosity (-v, -vv)]' \
'*--verbose[Increase verbosity (-v, -vv)]' \
'-q[Suppress all output except errors]' \
'--quiet[Suppress all output except errors]' \
'-h[Print help]' \
'--help[Print help]' \
&& ret=0
;;
(remove)
_arguments "${_arguments_options[@]}" : \
'--config=[Path to config file (default\: auto-resolved via XDG/KnownFolders)]:CONFIG:_default' \
'--repo=[Target repository (id, label, or path). Defaults to the default_repo in config or current directory]:REPO:_default' \
'--data-dir=[Override the data root directory (history DB, backups, reports)]:DATA_DIR:_default' \
'--json[Output as JSON instead of human-readable tables]' \
'--no-color[Suppress colored output]' \
'-y[Assume "yes" for standard confirmations]' \
'--yes[Assume "yes" for standard confirmations]' \
'-e[Perform mutations. Absent => dry-run]' \
'--execute[Perform mutations. Absent => dry-run]' \
'*-v[Increase verbosity (-v, -vv)]' \
'*--verbose[Increase verbosity (-v, -vv)]' \
'-q[Suppress all output except errors]' \
'--quiet[Suppress all output except errors]' \
'-h[Print help]' \
'--help[Print help]' \
':id -- Credential ID:_default' \
&& ret=0
;;
(test)
_arguments "${_arguments_options[@]}" : \
'--host=[Hostname or repository ID]:HOST:_default' \
'--config=[Path to config file (default\: auto-resolved via XDG/KnownFolders)]:CONFIG:_default' \
'--repo=[Target repository (id, label, or path). Defaults to the default_repo in config or current directory]:REPO:_default' \
'--data-dir=[Override the data root directory (history DB, backups, reports)]:DATA_DIR:_default' \
'--json[Output as JSON instead of human-readable tables]' \
'--no-color[Suppress colored output]' \
'-y[Assume "yes" for standard confirmations]' \
'--yes[Assume "yes" for standard confirmations]' \
'-e[Perform mutations. Absent => dry-run]' \
'--execute[Perform mutations. Absent => dry-run]' \
'*-v[Increase verbosity (-v, -vv)]' \
'*--verbose[Increase verbosity (-v, -vv)]' \
'-q[Suppress all output except errors]' \
'--quiet[Suppress all output except errors]' \
'-h[Print help]' \
'--help[Print help]' \
&& ret=0
;;
(help)
_arguments "${_arguments_options[@]}" : \
":: :_git-purge__subcmd__auth__subcmd__help_commands" \
"*::: :->help" \
&& ret=0

    case $state in
    (help)
        words=($line[1] "${words[@]}")
        (( CURRENT += 1 ))
        curcontext="${curcontext%:*:*}:git-purge-auth-help-command-$line[1]:"
        case $line[1] in
            (add)
_arguments "${_arguments_options[@]}" : \
&& ret=0
;;
(list)
_arguments "${_arguments_options[@]}" : \
&& ret=0
;;
(remove)
_arguments "${_arguments_options[@]}" : \
&& ret=0
;;
(test)
_arguments "${_arguments_options[@]}" : \
&& ret=0
;;
(help)
_arguments "${_arguments_options[@]}" : \
&& ret=0
;;
        esac
    ;;
esac
;;
        esac
    ;;
esac
;;
(ui)
_arguments "${_arguments_options[@]}" : \
'--config=[Path to config file (default\: auto-resolved via XDG/KnownFolders)]:CONFIG:_default' \
'--repo=[Target repository (id, label, or path). Defaults to the default_repo in config or current directory]:REPO:_default' \
'--data-dir=[Override the data root directory (history DB, backups, reports)]:DATA_DIR:_default' \
'--json[Output as JSON instead of human-readable tables]' \
'--no-color[Suppress colored output]' \
'-y[Assume "yes" for standard confirmations]' \
'--yes[Assume "yes" for standard confirmations]' \
'-e[Perform mutations. Absent => dry-run]' \
'--execute[Perform mutations. Absent => dry-run]' \
'*-v[Increase verbosity (-v, -vv)]' \
'*--verbose[Increase verbosity (-v, -vv)]' \
'-q[Suppress all output except errors]' \
'--quiet[Suppress all output except errors]' \
'-h[Print help]' \
'--help[Print help]' \
&& ret=0
;;
(install-cli)
_arguments "${_arguments_options[@]}" : \
'--dir=[Override install directory]:DIR:_default' \
'--config=[Path to config file (default\: auto-resolved via XDG/KnownFolders)]:CONFIG:_default' \
'--repo=[Target repository (id, label, or path). Defaults to the default_repo in config or current directory]:REPO:_default' \
'--data-dir=[Override the data root directory (history DB, backups, reports)]:DATA_DIR:_default' \
'--user[Install for the current user only]' \
'--system[Install for all users (requires elevated privileges)]' \
'--force[Force overwrite of existing git-purge binary on PATH]' \
'--json[Output as JSON instead of human-readable tables]' \
'--no-color[Suppress colored output]' \
'-y[Assume "yes" for standard confirmations]' \
'--yes[Assume "yes" for standard confirmations]' \
'-e[Perform mutations. Absent => dry-run]' \
'--execute[Perform mutations. Absent => dry-run]' \
'*-v[Increase verbosity (-v, -vv)]' \
'*--verbose[Increase verbosity (-v, -vv)]' \
'-q[Suppress all output except errors]' \
'--quiet[Suppress all output except errors]' \
'-h[Print help]' \
'--help[Print help]' \
&& ret=0
;;
(completions)
_arguments "${_arguments_options[@]}" : \
'--config=[Path to config file (default\: auto-resolved via XDG/KnownFolders)]:CONFIG:_default' \
'--repo=[Target repository (id, label, or path). Defaults to the default_repo in config or current directory]:REPO:_default' \
'--data-dir=[Override the data root directory (history DB, backups, reports)]:DATA_DIR:_default' \
'--json[Output as JSON instead of human-readable tables]' \
'--no-color[Suppress colored output]' \
'-y[Assume "yes" for standard confirmations]' \
'--yes[Assume "yes" for standard confirmations]' \
'-e[Perform mutations. Absent => dry-run]' \
'--execute[Perform mutations. Absent => dry-run]' \
'*-v[Increase verbosity (-v, -vv)]' \
'*--verbose[Increase verbosity (-v, -vv)]' \
'-q[Suppress all output except errors]' \
'--quiet[Suppress all output except errors]' \
'-h[Print help]' \
'--help[Print help]' \
':shell -- Shell to generate completions for:(bash zsh fish power-shell elvish)' \
&& ret=0
;;
(help)
_arguments "${_arguments_options[@]}" : \
":: :_git-purge__subcmd__help_commands" \
"*::: :->help" \
&& ret=0

    case $state in
    (help)
        words=($line[1] "${words[@]}")
        (( CURRENT += 1 ))
        curcontext="${curcontext%:*:*}:git-purge-help-command-$line[1]:"
        case $line[1] in
            (repo)
_arguments "${_arguments_options[@]}" : \
":: :_git-purge__subcmd__help__subcmd__repo_commands" \
"*::: :->repo" \
&& ret=0

    case $state in
    (repo)
        words=($line[1] "${words[@]}")
        (( CURRENT += 1 ))
        curcontext="${curcontext%:*:*}:git-purge-help-repo-command-$line[1]:"
        case $line[1] in
            (add)
_arguments "${_arguments_options[@]}" : \
&& ret=0
;;
(list)
_arguments "${_arguments_options[@]}" : \
&& ret=0
;;
(show)
_arguments "${_arguments_options[@]}" : \
&& ret=0
;;
(remove)
_arguments "${_arguments_options[@]}" : \
&& ret=0
;;
(set-default)
_arguments "${_arguments_options[@]}" : \
&& ret=0
;;
        esac
    ;;
esac
;;
(scan)
_arguments "${_arguments_options[@]}" : \
&& ret=0
;;
(plan)
_arguments "${_arguments_options[@]}" : \
&& ret=0
;;
(backup)
_arguments "${_arguments_options[@]}" : \
":: :_git-purge__subcmd__help__subcmd__backup_commands" \
"*::: :->backup" \
&& ret=0

    case $state in
    (backup)
        words=($line[1] "${words[@]}")
        (( CURRENT += 1 ))
        curcontext="${curcontext%:*:*}:git-purge-help-backup-command-$line[1]:"
        case $line[1] in
            (create)
_arguments "${_arguments_options[@]}" : \
&& ret=0
;;
(list)
_arguments "${_arguments_options[@]}" : \
&& ret=0
;;
(show)
_arguments "${_arguments_options[@]}" : \
&& ret=0
;;
(verify)
_arguments "${_arguments_options[@]}" : \
&& ret=0
;;
(prune)
_arguments "${_arguments_options[@]}" : \
&& ret=0
;;
        esac
    ;;
esac
;;
(delete)
_arguments "${_arguments_options[@]}" : \
&& ret=0
;;
(archive)
_arguments "${_arguments_options[@]}" : \
&& ret=0
;;
(restore)
_arguments "${_arguments_options[@]}" : \
&& ret=0
;;
(diff)
_arguments "${_arguments_options[@]}" : \
&& ret=0
;;
(show)
_arguments "${_arguments_options[@]}" : \
&& ret=0
;;
(report)
_arguments "${_arguments_options[@]}" : \
&& ret=0
;;
(history)
_arguments "${_arguments_options[@]}" : \
&& ret=0
;;
(auth)
_arguments "${_arguments_options[@]}" : \
":: :_git-purge__subcmd__help__subcmd__auth_commands" \
"*::: :->auth" \
&& ret=0

    case $state in
    (auth)
        words=($line[1] "${words[@]}")
        (( CURRENT += 1 ))
        curcontext="${curcontext%:*:*}:git-purge-help-auth-command-$line[1]:"
        case $line[1] in
            (add)
_arguments "${_arguments_options[@]}" : \
&& ret=0
;;
(list)
_arguments "${_arguments_options[@]}" : \
&& ret=0
;;
(remove)
_arguments "${_arguments_options[@]}" : \
&& ret=0
;;
(test)
_arguments "${_arguments_options[@]}" : \
&& ret=0
;;
        esac
    ;;
esac
;;
(ui)
_arguments "${_arguments_options[@]}" : \
&& ret=0
;;
(install-cli)
_arguments "${_arguments_options[@]}" : \
&& ret=0
;;
(completions)
_arguments "${_arguments_options[@]}" : \
&& ret=0
;;
(help)
_arguments "${_arguments_options[@]}" : \
&& ret=0
;;
        esac
    ;;
esac
;;
        esac
    ;;
esac
}

(( $+functions[_git-purge_commands] )) ||
_git-purge_commands() {
    local commands; commands=(
'repo:Manage tracked repositories' \
'scan:Classify branches (read-only scan)' \
'plan:Show what delete/archive would do (dry-run)' \
'backup:Manage backup snapshots' \
'delete:Delete stale/merged branches (dry-run default)' \
'archive:Archive unmerged branches into a legacy branch' \
'restore:Restore a branch or tag from a snapshot' \
'diff:Compare two branches' \
'show:View repo/file content at a ref/commit' \
'report:Generate audit and trend reports' \
'history:View trend history' \
'auth:Manage authentication credentials' \
'ui:Launch the desktop UI (if installed)' \
'install-cli:Install git-purge on PATH' \
'completions:Generate shell completions' \
'help:Print this message or the help of the given subcommand(s)' \
    )
    _describe -t commands 'git-purge commands' commands "$@"
}
(( $+functions[_git-purge__subcmd__archive_commands] )) ||
_git-purge__subcmd__archive_commands() {
    local commands; commands=()
    _describe -t commands 'git-purge archive commands' commands "$@"
}
(( $+functions[_git-purge__subcmd__auth_commands] )) ||
_git-purge__subcmd__auth_commands() {
    local commands; commands=(
'add:Add a credential' \
'list:List stored credentials' \
'remove:Remove a credential' \
'test:Test credentials for a host or repository' \
'help:Print this message or the help of the given subcommand(s)' \
    )
    _describe -t commands 'git-purge auth commands' commands "$@"
}
(( $+functions[_git-purge__subcmd__auth__subcmd__add_commands] )) ||
_git-purge__subcmd__auth__subcmd__add_commands() {
    local commands; commands=()
    _describe -t commands 'git-purge auth add commands' commands "$@"
}
(( $+functions[_git-purge__subcmd__auth__subcmd__help_commands] )) ||
_git-purge__subcmd__auth__subcmd__help_commands() {
    local commands; commands=(
'add:Add a credential' \
'list:List stored credentials' \
'remove:Remove a credential' \
'test:Test credentials for a host or repository' \
'help:Print this message or the help of the given subcommand(s)' \
    )
    _describe -t commands 'git-purge auth help commands' commands "$@"
}
(( $+functions[_git-purge__subcmd__auth__subcmd__help__subcmd__add_commands] )) ||
_git-purge__subcmd__auth__subcmd__help__subcmd__add_commands() {
    local commands; commands=()
    _describe -t commands 'git-purge auth help add commands' commands "$@"
}
(( $+functions[_git-purge__subcmd__auth__subcmd__help__subcmd__help_commands] )) ||
_git-purge__subcmd__auth__subcmd__help__subcmd__help_commands() {
    local commands; commands=()
    _describe -t commands 'git-purge auth help help commands' commands "$@"
}
(( $+functions[_git-purge__subcmd__auth__subcmd__help__subcmd__list_commands] )) ||
_git-purge__subcmd__auth__subcmd__help__subcmd__list_commands() {
    local commands; commands=()
    _describe -t commands 'git-purge auth help list commands' commands "$@"
}
(( $+functions[_git-purge__subcmd__auth__subcmd__help__subcmd__remove_commands] )) ||
_git-purge__subcmd__auth__subcmd__help__subcmd__remove_commands() {
    local commands; commands=()
    _describe -t commands 'git-purge auth help remove commands' commands "$@"
}
(( $+functions[_git-purge__subcmd__auth__subcmd__help__subcmd__test_commands] )) ||
_git-purge__subcmd__auth__subcmd__help__subcmd__test_commands() {
    local commands; commands=()
    _describe -t commands 'git-purge auth help test commands' commands "$@"
}
(( $+functions[_git-purge__subcmd__auth__subcmd__list_commands] )) ||
_git-purge__subcmd__auth__subcmd__list_commands() {
    local commands; commands=()
    _describe -t commands 'git-purge auth list commands' commands "$@"
}
(( $+functions[_git-purge__subcmd__auth__subcmd__remove_commands] )) ||
_git-purge__subcmd__auth__subcmd__remove_commands() {
    local commands; commands=()
    _describe -t commands 'git-purge auth remove commands' commands "$@"
}
(( $+functions[_git-purge__subcmd__auth__subcmd__test_commands] )) ||
_git-purge__subcmd__auth__subcmd__test_commands() {
    local commands; commands=()
    _describe -t commands 'git-purge auth test commands' commands "$@"
}
(( $+functions[_git-purge__subcmd__backup_commands] )) ||
_git-purge__subcmd__backup_commands() {
    local commands; commands=(
'create:Create a new backup snapshot' \
'list:List existing snapshots' \
'show:Show snapshot details' \
'verify:Verify snapshot integrity' \
'prune:Prune old snapshots' \
'help:Print this message or the help of the given subcommand(s)' \
    )
    _describe -t commands 'git-purge backup commands' commands "$@"
}
(( $+functions[_git-purge__subcmd__backup__subcmd__create_commands] )) ||
_git-purge__subcmd__backup__subcmd__create_commands() {
    local commands; commands=()
    _describe -t commands 'git-purge backup create commands' commands "$@"
}
(( $+functions[_git-purge__subcmd__backup__subcmd__help_commands] )) ||
_git-purge__subcmd__backup__subcmd__help_commands() {
    local commands; commands=(
'create:Create a new backup snapshot' \
'list:List existing snapshots' \
'show:Show snapshot details' \
'verify:Verify snapshot integrity' \
'prune:Prune old snapshots' \
'help:Print this message or the help of the given subcommand(s)' \
    )
    _describe -t commands 'git-purge backup help commands' commands "$@"
}
(( $+functions[_git-purge__subcmd__backup__subcmd__help__subcmd__create_commands] )) ||
_git-purge__subcmd__backup__subcmd__help__subcmd__create_commands() {
    local commands; commands=()
    _describe -t commands 'git-purge backup help create commands' commands "$@"
}
(( $+functions[_git-purge__subcmd__backup__subcmd__help__subcmd__help_commands] )) ||
_git-purge__subcmd__backup__subcmd__help__subcmd__help_commands() {
    local commands; commands=()
    _describe -t commands 'git-purge backup help help commands' commands "$@"
}
(( $+functions[_git-purge__subcmd__backup__subcmd__help__subcmd__list_commands] )) ||
_git-purge__subcmd__backup__subcmd__help__subcmd__list_commands() {
    local commands; commands=()
    _describe -t commands 'git-purge backup help list commands' commands "$@"
}
(( $+functions[_git-purge__subcmd__backup__subcmd__help__subcmd__prune_commands] )) ||
_git-purge__subcmd__backup__subcmd__help__subcmd__prune_commands() {
    local commands; commands=()
    _describe -t commands 'git-purge backup help prune commands' commands "$@"
}
(( $+functions[_git-purge__subcmd__backup__subcmd__help__subcmd__show_commands] )) ||
_git-purge__subcmd__backup__subcmd__help__subcmd__show_commands() {
    local commands; commands=()
    _describe -t commands 'git-purge backup help show commands' commands "$@"
}
(( $+functions[_git-purge__subcmd__backup__subcmd__help__subcmd__verify_commands] )) ||
_git-purge__subcmd__backup__subcmd__help__subcmd__verify_commands() {
    local commands; commands=()
    _describe -t commands 'git-purge backup help verify commands' commands "$@"
}
(( $+functions[_git-purge__subcmd__backup__subcmd__list_commands] )) ||
_git-purge__subcmd__backup__subcmd__list_commands() {
    local commands; commands=()
    _describe -t commands 'git-purge backup list commands' commands "$@"
}
(( $+functions[_git-purge__subcmd__backup__subcmd__prune_commands] )) ||
_git-purge__subcmd__backup__subcmd__prune_commands() {
    local commands; commands=()
    _describe -t commands 'git-purge backup prune commands' commands "$@"
}
(( $+functions[_git-purge__subcmd__backup__subcmd__show_commands] )) ||
_git-purge__subcmd__backup__subcmd__show_commands() {
    local commands; commands=()
    _describe -t commands 'git-purge backup show commands' commands "$@"
}
(( $+functions[_git-purge__subcmd__backup__subcmd__verify_commands] )) ||
_git-purge__subcmd__backup__subcmd__verify_commands() {
    local commands; commands=()
    _describe -t commands 'git-purge backup verify commands' commands "$@"
}
(( $+functions[_git-purge__subcmd__completions_commands] )) ||
_git-purge__subcmd__completions_commands() {
    local commands; commands=()
    _describe -t commands 'git-purge completions commands' commands "$@"
}
(( $+functions[_git-purge__subcmd__delete_commands] )) ||
_git-purge__subcmd__delete_commands() {
    local commands; commands=()
    _describe -t commands 'git-purge delete commands' commands "$@"
}
(( $+functions[_git-purge__subcmd__diff_commands] )) ||
_git-purge__subcmd__diff_commands() {
    local commands; commands=()
    _describe -t commands 'git-purge diff commands' commands "$@"
}
(( $+functions[_git-purge__subcmd__help_commands] )) ||
_git-purge__subcmd__help_commands() {
    local commands; commands=(
'repo:Manage tracked repositories' \
'scan:Classify branches (read-only scan)' \
'plan:Show what delete/archive would do (dry-run)' \
'backup:Manage backup snapshots' \
'delete:Delete stale/merged branches (dry-run default)' \
'archive:Archive unmerged branches into a legacy branch' \
'restore:Restore a branch or tag from a snapshot' \
'diff:Compare two branches' \
'show:View repo/file content at a ref/commit' \
'report:Generate audit and trend reports' \
'history:View trend history' \
'auth:Manage authentication credentials' \
'ui:Launch the desktop UI (if installed)' \
'install-cli:Install git-purge on PATH' \
'completions:Generate shell completions' \
'help:Print this message or the help of the given subcommand(s)' \
    )
    _describe -t commands 'git-purge help commands' commands "$@"
}
(( $+functions[_git-purge__subcmd__help__subcmd__archive_commands] )) ||
_git-purge__subcmd__help__subcmd__archive_commands() {
    local commands; commands=()
    _describe -t commands 'git-purge help archive commands' commands "$@"
}
(( $+functions[_git-purge__subcmd__help__subcmd__auth_commands] )) ||
_git-purge__subcmd__help__subcmd__auth_commands() {
    local commands; commands=(
'add:Add a credential' \
'list:List stored credentials' \
'remove:Remove a credential' \
'test:Test credentials for a host or repository' \
    )
    _describe -t commands 'git-purge help auth commands' commands "$@"
}
(( $+functions[_git-purge__subcmd__help__subcmd__auth__subcmd__add_commands] )) ||
_git-purge__subcmd__help__subcmd__auth__subcmd__add_commands() {
    local commands; commands=()
    _describe -t commands 'git-purge help auth add commands' commands "$@"
}
(( $+functions[_git-purge__subcmd__help__subcmd__auth__subcmd__list_commands] )) ||
_git-purge__subcmd__help__subcmd__auth__subcmd__list_commands() {
    local commands; commands=()
    _describe -t commands 'git-purge help auth list commands' commands "$@"
}
(( $+functions[_git-purge__subcmd__help__subcmd__auth__subcmd__remove_commands] )) ||
_git-purge__subcmd__help__subcmd__auth__subcmd__remove_commands() {
    local commands; commands=()
    _describe -t commands 'git-purge help auth remove commands' commands "$@"
}
(( $+functions[_git-purge__subcmd__help__subcmd__auth__subcmd__test_commands] )) ||
_git-purge__subcmd__help__subcmd__auth__subcmd__test_commands() {
    local commands; commands=()
    _describe -t commands 'git-purge help auth test commands' commands "$@"
}
(( $+functions[_git-purge__subcmd__help__subcmd__backup_commands] )) ||
_git-purge__subcmd__help__subcmd__backup_commands() {
    local commands; commands=(
'create:Create a new backup snapshot' \
'list:List existing snapshots' \
'show:Show snapshot details' \
'verify:Verify snapshot integrity' \
'prune:Prune old snapshots' \
    )
    _describe -t commands 'git-purge help backup commands' commands "$@"
}
(( $+functions[_git-purge__subcmd__help__subcmd__backup__subcmd__create_commands] )) ||
_git-purge__subcmd__help__subcmd__backup__subcmd__create_commands() {
    local commands; commands=()
    _describe -t commands 'git-purge help backup create commands' commands "$@"
}
(( $+functions[_git-purge__subcmd__help__subcmd__backup__subcmd__list_commands] )) ||
_git-purge__subcmd__help__subcmd__backup__subcmd__list_commands() {
    local commands; commands=()
    _describe -t commands 'git-purge help backup list commands' commands "$@"
}
(( $+functions[_git-purge__subcmd__help__subcmd__backup__subcmd__prune_commands] )) ||
_git-purge__subcmd__help__subcmd__backup__subcmd__prune_commands() {
    local commands; commands=()
    _describe -t commands 'git-purge help backup prune commands' commands "$@"
}
(( $+functions[_git-purge__subcmd__help__subcmd__backup__subcmd__show_commands] )) ||
_git-purge__subcmd__help__subcmd__backup__subcmd__show_commands() {
    local commands; commands=()
    _describe -t commands 'git-purge help backup show commands' commands "$@"
}
(( $+functions[_git-purge__subcmd__help__subcmd__backup__subcmd__verify_commands] )) ||
_git-purge__subcmd__help__subcmd__backup__subcmd__verify_commands() {
    local commands; commands=()
    _describe -t commands 'git-purge help backup verify commands' commands "$@"
}
(( $+functions[_git-purge__subcmd__help__subcmd__completions_commands] )) ||
_git-purge__subcmd__help__subcmd__completions_commands() {
    local commands; commands=()
    _describe -t commands 'git-purge help completions commands' commands "$@"
}
(( $+functions[_git-purge__subcmd__help__subcmd__delete_commands] )) ||
_git-purge__subcmd__help__subcmd__delete_commands() {
    local commands; commands=()
    _describe -t commands 'git-purge help delete commands' commands "$@"
}
(( $+functions[_git-purge__subcmd__help__subcmd__diff_commands] )) ||
_git-purge__subcmd__help__subcmd__diff_commands() {
    local commands; commands=()
    _describe -t commands 'git-purge help diff commands' commands "$@"
}
(( $+functions[_git-purge__subcmd__help__subcmd__help_commands] )) ||
_git-purge__subcmd__help__subcmd__help_commands() {
    local commands; commands=()
    _describe -t commands 'git-purge help help commands' commands "$@"
}
(( $+functions[_git-purge__subcmd__help__subcmd__history_commands] )) ||
_git-purge__subcmd__help__subcmd__history_commands() {
    local commands; commands=()
    _describe -t commands 'git-purge help history commands' commands "$@"
}
(( $+functions[_git-purge__subcmd__help__subcmd__install-cli_commands] )) ||
_git-purge__subcmd__help__subcmd__install-cli_commands() {
    local commands; commands=()
    _describe -t commands 'git-purge help install-cli commands' commands "$@"
}
(( $+functions[_git-purge__subcmd__help__subcmd__plan_commands] )) ||
_git-purge__subcmd__help__subcmd__plan_commands() {
    local commands; commands=()
    _describe -t commands 'git-purge help plan commands' commands "$@"
}
(( $+functions[_git-purge__subcmd__help__subcmd__repo_commands] )) ||
_git-purge__subcmd__help__subcmd__repo_commands() {
    local commands; commands=(
'add:Add a repository to track' \
'list:List tracked repositories' \
'show:Show details of a tracked repository' \
'remove:Remove a tracked repository' \
'set-default:Set a default repository' \
    )
    _describe -t commands 'git-purge help repo commands' commands "$@"
}
(( $+functions[_git-purge__subcmd__help__subcmd__repo__subcmd__add_commands] )) ||
_git-purge__subcmd__help__subcmd__repo__subcmd__add_commands() {
    local commands; commands=()
    _describe -t commands 'git-purge help repo add commands' commands "$@"
}
(( $+functions[_git-purge__subcmd__help__subcmd__repo__subcmd__list_commands] )) ||
_git-purge__subcmd__help__subcmd__repo__subcmd__list_commands() {
    local commands; commands=()
    _describe -t commands 'git-purge help repo list commands' commands "$@"
}
(( $+functions[_git-purge__subcmd__help__subcmd__repo__subcmd__remove_commands] )) ||
_git-purge__subcmd__help__subcmd__repo__subcmd__remove_commands() {
    local commands; commands=()
    _describe -t commands 'git-purge help repo remove commands' commands "$@"
}
(( $+functions[_git-purge__subcmd__help__subcmd__repo__subcmd__set-default_commands] )) ||
_git-purge__subcmd__help__subcmd__repo__subcmd__set-default_commands() {
    local commands; commands=()
    _describe -t commands 'git-purge help repo set-default commands' commands "$@"
}
(( $+functions[_git-purge__subcmd__help__subcmd__repo__subcmd__show_commands] )) ||
_git-purge__subcmd__help__subcmd__repo__subcmd__show_commands() {
    local commands; commands=()
    _describe -t commands 'git-purge help repo show commands' commands "$@"
}
(( $+functions[_git-purge__subcmd__help__subcmd__report_commands] )) ||
_git-purge__subcmd__help__subcmd__report_commands() {
    local commands; commands=()
    _describe -t commands 'git-purge help report commands' commands "$@"
}
(( $+functions[_git-purge__subcmd__help__subcmd__restore_commands] )) ||
_git-purge__subcmd__help__subcmd__restore_commands() {
    local commands; commands=()
    _describe -t commands 'git-purge help restore commands' commands "$@"
}
(( $+functions[_git-purge__subcmd__help__subcmd__scan_commands] )) ||
_git-purge__subcmd__help__subcmd__scan_commands() {
    local commands; commands=()
    _describe -t commands 'git-purge help scan commands' commands "$@"
}
(( $+functions[_git-purge__subcmd__help__subcmd__show_commands] )) ||
_git-purge__subcmd__help__subcmd__show_commands() {
    local commands; commands=()
    _describe -t commands 'git-purge help show commands' commands "$@"
}
(( $+functions[_git-purge__subcmd__help__subcmd__ui_commands] )) ||
_git-purge__subcmd__help__subcmd__ui_commands() {
    local commands; commands=()
    _describe -t commands 'git-purge help ui commands' commands "$@"
}
(( $+functions[_git-purge__subcmd__history_commands] )) ||
_git-purge__subcmd__history_commands() {
    local commands; commands=()
    _describe -t commands 'git-purge history commands' commands "$@"
}
(( $+functions[_git-purge__subcmd__install-cli_commands] )) ||
_git-purge__subcmd__install-cli_commands() {
    local commands; commands=()
    _describe -t commands 'git-purge install-cli commands' commands "$@"
}
(( $+functions[_git-purge__subcmd__plan_commands] )) ||
_git-purge__subcmd__plan_commands() {
    local commands; commands=()
    _describe -t commands 'git-purge plan commands' commands "$@"
}
(( $+functions[_git-purge__subcmd__repo_commands] )) ||
_git-purge__subcmd__repo_commands() {
    local commands; commands=(
'add:Add a repository to track' \
'list:List tracked repositories' \
'show:Show details of a tracked repository' \
'remove:Remove a tracked repository' \
'set-default:Set a default repository' \
'help:Print this message or the help of the given subcommand(s)' \
    )
    _describe -t commands 'git-purge repo commands' commands "$@"
}
(( $+functions[_git-purge__subcmd__repo__subcmd__add_commands] )) ||
_git-purge__subcmd__repo__subcmd__add_commands() {
    local commands; commands=()
    _describe -t commands 'git-purge repo add commands' commands "$@"
}
(( $+functions[_git-purge__subcmd__repo__subcmd__help_commands] )) ||
_git-purge__subcmd__repo__subcmd__help_commands() {
    local commands; commands=(
'add:Add a repository to track' \
'list:List tracked repositories' \
'show:Show details of a tracked repository' \
'remove:Remove a tracked repository' \
'set-default:Set a default repository' \
'help:Print this message or the help of the given subcommand(s)' \
    )
    _describe -t commands 'git-purge repo help commands' commands "$@"
}
(( $+functions[_git-purge__subcmd__repo__subcmd__help__subcmd__add_commands] )) ||
_git-purge__subcmd__repo__subcmd__help__subcmd__add_commands() {
    local commands; commands=()
    _describe -t commands 'git-purge repo help add commands' commands "$@"
}
(( $+functions[_git-purge__subcmd__repo__subcmd__help__subcmd__help_commands] )) ||
_git-purge__subcmd__repo__subcmd__help__subcmd__help_commands() {
    local commands; commands=()
    _describe -t commands 'git-purge repo help help commands' commands "$@"
}
(( $+functions[_git-purge__subcmd__repo__subcmd__help__subcmd__list_commands] )) ||
_git-purge__subcmd__repo__subcmd__help__subcmd__list_commands() {
    local commands; commands=()
    _describe -t commands 'git-purge repo help list commands' commands "$@"
}
(( $+functions[_git-purge__subcmd__repo__subcmd__help__subcmd__remove_commands] )) ||
_git-purge__subcmd__repo__subcmd__help__subcmd__remove_commands() {
    local commands; commands=()
    _describe -t commands 'git-purge repo help remove commands' commands "$@"
}
(( $+functions[_git-purge__subcmd__repo__subcmd__help__subcmd__set-default_commands] )) ||
_git-purge__subcmd__repo__subcmd__help__subcmd__set-default_commands() {
    local commands; commands=()
    _describe -t commands 'git-purge repo help set-default commands' commands "$@"
}
(( $+functions[_git-purge__subcmd__repo__subcmd__help__subcmd__show_commands] )) ||
_git-purge__subcmd__repo__subcmd__help__subcmd__show_commands() {
    local commands; commands=()
    _describe -t commands 'git-purge repo help show commands' commands "$@"
}
(( $+functions[_git-purge__subcmd__repo__subcmd__list_commands] )) ||
_git-purge__subcmd__repo__subcmd__list_commands() {
    local commands; commands=()
    _describe -t commands 'git-purge repo list commands' commands "$@"
}
(( $+functions[_git-purge__subcmd__repo__subcmd__remove_commands] )) ||
_git-purge__subcmd__repo__subcmd__remove_commands() {
    local commands; commands=()
    _describe -t commands 'git-purge repo remove commands' commands "$@"
}
(( $+functions[_git-purge__subcmd__repo__subcmd__set-default_commands] )) ||
_git-purge__subcmd__repo__subcmd__set-default_commands() {
    local commands; commands=()
    _describe -t commands 'git-purge repo set-default commands' commands "$@"
}
(( $+functions[_git-purge__subcmd__repo__subcmd__show_commands] )) ||
_git-purge__subcmd__repo__subcmd__show_commands() {
    local commands; commands=()
    _describe -t commands 'git-purge repo show commands' commands "$@"
}
(( $+functions[_git-purge__subcmd__report_commands] )) ||
_git-purge__subcmd__report_commands() {
    local commands; commands=()
    _describe -t commands 'git-purge report commands' commands "$@"
}
(( $+functions[_git-purge__subcmd__restore_commands] )) ||
_git-purge__subcmd__restore_commands() {
    local commands; commands=()
    _describe -t commands 'git-purge restore commands' commands "$@"
}
(( $+functions[_git-purge__subcmd__scan_commands] )) ||
_git-purge__subcmd__scan_commands() {
    local commands; commands=()
    _describe -t commands 'git-purge scan commands' commands "$@"
}
(( $+functions[_git-purge__subcmd__show_commands] )) ||
_git-purge__subcmd__show_commands() {
    local commands; commands=()
    _describe -t commands 'git-purge show commands' commands "$@"
}
(( $+functions[_git-purge__subcmd__ui_commands] )) ||
_git-purge__subcmd__ui_commands() {
    local commands; commands=()
    _describe -t commands 'git-purge ui commands' commands "$@"
}

if [ "$funcstack[1]" = "_git-purge" ]; then
    _git-purge "$@"
else
    compdef _git-purge git-purge
fi
